Initializing cgroup subsys cpuset
Initializing cgroup subsys cpu
Linux version 2.6.32-279.el6.x86_64 (mockbuild@x86-008.build.bos.redhat.com) (gcc version 4.4.6 20120305 (Red Hat 4.4.6-4) (GCC) ) #1 SMP Wed Jun 13 18:24:36 EDT 2012
Command line: ro root=/dev/mapper/vg_devsv03-lv_root nomodeset rd_NO_LUKS  KEYBOARDTYPE=pc KEYTABLE=us LANG=en_US.UTF-8 rd_LVM_LV=vg_devsv03/lv_swap rd_NO_MD rd_LVM_LV=vg_devsv03/lv_root crashkernel=auto SYSFONT=latarcyrheb-sun16 rd_NO_DM rhgb quiet
KERNEL supported cpus:
  Intel GenuineIntel
  AMD AuthenticAMD
  Centaur CentaurHauls
BIOS-provided physical RAM map:
 BIOS-e820: 0000000000000000 - 000000000009c400 (usable)
 BIOS-e820: 000000000009c400 - 00000000000a0000 (reserved)
 BIOS-e820: 00000000000ca000 - 00000000000cc000 (reserved)
 BIOS-e820: 00000000000e0000 - 0000000000100000 (reserved)
 BIOS-e820: 0000000000100000 - 00000000bf7a0000 (usable)
 BIOS-e820: 00000000bf7a0000 - 00000000bf7bc000 (ACPI data)
 BIOS-e820: 00000000bf7bc000 - 00000000bf7bd000 (ACPI NVS)
 BIOS-e820: 00000000bf7bd000 - 00000000bf7ff000 (reserved)
 BIOS-e820: 00000000bf800000 - 00000000c0000000 (reserved)
 BIOS-e820: 00000000e0000000 - 00000000f0000000 (reserved)
 BIOS-e820: 00000000fec00000 - 00000000fec10000 (reserved)
 BIOS-e820: 00000000fee00000 - 00000000fee01000 (reserved)
 BIOS-e820: 00000000ff000000 - 0000000100000000 (reserved)
 BIOS-e820: 0000000100000000 - 0000000440000000 (usable)
DMI present.
SMBIOS version 2.6 @ 0xF6DF0
DMI: NEC           Express5800/GT110b [N8100-1592Y]                      /GA-6FASV                      , BIOS 1.0.4109 08/23/2010
Phoenix BIOS detected: BIOS may corrupt low RAM, working around it.
e820 update range: 0000000000000000 - 0000000000010000 (usable) ==> (reserved)
e820 update range: 0000000000000000 - 0000000000001000 (usable) ==> (reserved)
e820 remove range: 00000000000a0000 - 0000000000100000 (usable)
last_pfn = 0x440000 max_arch_pfn = 0x400000000
MTRR default type: uncachable
MTRR fixed ranges enabled:
  00000-9FFFF write-back
  A0000-BFFFF uncachable
  C0000-CFFFF write-protect
  D0000-DFFFF uncachable
  E0000-FFFFF write-protect
MTRR variable ranges enabled:
  0 base 0C0000000 mask FC0000000 uncachable
  1 base 000000000 mask C00000000 write-back
  2 base 400000000 mask FC0000000 write-back
  3 base 0BF800000 mask FFF800000 uncachable
  4 disabled
  5 disabled
  6 disabled
  7 disabled
x86 PAT enabled: cpu 0, old 0x7040600070406, new 0x7010600070106
original variable MTRRs
reg 0, base: 3GB, range: 1GB, type UC
reg 1, base: 0GB, range: 16GB, type WB
reg 2, base: 16GB, range: 1GB, type WB
reg 3, base: 3064MB, range: 8MB, type UC
total RAM covered: 16376M
Found optimal setting for mtrr clean up
 gran_size: 64K 	chunk_size: 16M 	num_reg: 6  	lose cover RAM: 0G
New variable MTRRs
reg 0, base: 0GB, range: 2GB, type WB
reg 1, base: 2GB, range: 1GB, type WB
reg 2, base: 3064MB, range: 8MB, type UC
reg 3, base: 4GB, range: 4GB, type WB
reg 4, base: 8GB, range: 8GB, type WB
reg 5, base: 16GB, range: 1GB, type WB
e820 update range: 00000000bf800000 - 0000000100000000 (usable) ==> (reserved)
last_pfn = 0xbf7a0 max_arch_pfn = 0x400000000
initial memory mapped : 0 - 20000000
init_memory_mapping: 0000000000000000-00000000bf7a0000
 0000000000 - 00bf600000 page 2M
 00bf600000 - 00bf7a0000 page 4k
kernel direct mapping tables up to bf7a0000 @ 10000-15000
init_memory_mapping: 0000000100000000-0000000440000000
 0100000000 - 0440000000 page 2M
kernel direct mapping tables up to 440000000 @ 13000-25000
RAMDISK: 370bc000 - 37fefbef
ACPI: RSDP 00000000000f6e60 00024 (v02 PTLTD )
ACPI: XSDT 00000000bf7b6419 0006C (v01 PTLTD  ? XSDT   06040000  LTP 00000000)
ACPI: FACP 00000000bf7bbcc6 000F4 (v03 INTEL  LYNNFLD  06040000 PTL  00000002)
ACPI: DSDT 00000000bf7b6485 057BD (v01  Intel LYNNFLD  06040000 MSFT 03000001)
ACPI: FACS 00000000bf7bcfc0 00040
ACPI: TCPA 00000000bf7bbdba 00032 (v01 Intel  TYLERBRG 06040000 LOHR 0000005A)
ACPI: SSDT 00000000bf7ae3d1 0346C (v01  INTEL PPM RCM  80000001 INTL 20061109)
ACPI: DMAR 00000000bf7bbe10 00068 (v01 Intel  OEMDMAR  06040000 LOHR 00000001)
ACPI: APIC 00000000bf7bbe78 000BC (v01 PTLTD  ? APIC   06040000  LTP 00000000)
ACPI: MCFG 00000000bf7bbf34 0003C (v01 PTLTD    MCFG   06040000  LTP 00000000)
ACPI: HPET 00000000bf7bbf70 00038 (v01 PTLTD  HPETTBL  06040000  LTP 00000001)
ACPI: BOOT 00000000bf7bbfa8 00028 (v01 PTLTD  $SBFTBL$ 06040000  LTP 00000001)
ACPI: BERT 00000000bf7bbfd0 00030 (v01 PTL    WHEAPTL  06040000 PTL  00000001)
ACPI: Local APIC address 0xfee00000
No NUMA configuration found
Faking a node at 0000000000000000-0000000440000000
Bootmem setup node 0 0000000000000000-0000000440000000
  NODE_DATA [0000000000020000 - 0000000000053fff]
  bootmap [0000000000100000 -  0000000000187fff] pages 88
(8 early reservations) ==> bootmem [0000000000 - 0440000000]
  #0 [0000000000 - 0000001000]   BIOS data page ==> [0000000000 - 0000001000]
  #1 [0000006000 - 0000008000]       TRAMPOLINE ==> [0000006000 - 0000008000]
  #2 [0001000000 - 0002012024]    TEXT DATA BSS ==> [0001000000 - 0002012024]
  #3 [00370bc000 - 0037fefbef]          RAMDISK ==> [00370bc000 - 0037fefbef]
  #4 [000009c400 - 0000100000]    BIOS reserved ==> [000009c400 - 0000100000]
  #5 [0002013000 - 00020131d8]              BRK ==> [0002013000 - 00020131d8]
  #6 [0000010000 - 0000013000]          PGTABLE ==> [0000010000 - 0000013000]
  #7 [0000013000 - 0000020000]          PGTABLE ==> [0000013000 - 0000020000]
found SMP MP-table at [ffff8800000f6e90] f6e90
Reserving 130MB of memory at 48MB for crashkernel (System RAM: 17408MB)
 [ffffea0000000000-ffffea000edfffff] PMD -> [ffff880028600000-ffff8800365fffff] on node 0
Zone PFN ranges:
  DMA      0x00000010 -> 0x00001000
  DMA32    0x00001000 -> 0x00100000
  Normal   0x00100000 -> 0x00440000
Movable zone start PFN for each node
early_node_map[3] active PFN ranges
    0: 0x00000010 -> 0x0000009c
    0: 0x00000100 -> 0x000bf7a0
    0: 0x00100000 -> 0x00440000
On node 0 totalpages: 4192044
  DMA zone: 56 pages used for memmap
  DMA zone: 118 pages reserved
  DMA zone: 3806 pages, LIFO batch:0
  DMA32 zone: 14280 pages used for memmap
  DMA32 zone: 765912 pages, LIFO batch:31
  Normal zone: 46592 pages used for memmap
  Normal zone: 3361280 pages, LIFO batch:31
ACPI: PM-Timer IO Port: 0x1008
ACPI: Local APIC address 0xfee00000
ACPI: LAPIC (acpi_id[0x00] lapic_id[0x00] enabled)
ACPI: LAPIC (acpi_id[0x01] lapic_id[0x02] enabled)
ACPI: LAPIC (acpi_id[0x02] lapic_id[0x04] enabled)
ACPI: LAPIC (acpi_id[0x03] lapic_id[0x06] enabled)
ACPI: LAPIC (acpi_id[0x04] lapic_id[0x01] enabled)
ACPI: LAPIC (acpi_id[0x05] lapic_id[0x03] enabled)
ACPI: LAPIC (acpi_id[0x06] lapic_id[0x05] enabled)
ACPI: LAPIC (acpi_id[0x07] lapic_id[0x07] enabled)
ACPI: LAPIC_NMI (acpi_id[0x00] high edge lint[0x1])
ACPI: LAPIC_NMI (acpi_id[0x01] high edge lint[0x1])
ACPI: LAPIC_NMI (acpi_id[0x02] high edge lint[0x1])
ACPI: LAPIC_NMI (acpi_id[0x03] high edge lint[0x1])
ACPI: LAPIC_NMI (acpi_id[0x04] high edge lint[0x1])
ACPI: LAPIC_NMI (acpi_id[0x05] high edge lint[0x1])
ACPI: LAPIC_NMI (acpi_id[0x06] high edge lint[0x1])
ACPI: LAPIC_NMI (acpi_id[0x07] high edge lint[0x1])
ACPI: IOAPIC (id[0x08] address[0xfec00000] gsi_base[0])
IOAPIC[0]: apic_id 8, version 32, address 0xfec00000, GSI 0-23
ACPI: INT_SRC_OVR (bus 0 bus_irq 0 global_irq 2 high edge)
ACPI: INT_SRC_OVR (bus 0 bus_irq 9 global_irq 9 high level)
ACPI: IRQ0 used by override.
ACPI: IRQ2 used by override.
ACPI: IRQ9 used by override.
Using ACPI (MADT) for SMP configuration information
ACPI: HPET id: 0x8086a701 base: 0xfed00000
SMP: Allowing 8 CPUs, 0 hotplug CPUs
nr_irqs_gsi: 24
PM: Registered nosave memory: 000000000009c000 - 000000000009d000
PM: Registered nosave memory: 000000000009d000 - 00000000000a0000
PM: Registered nosave memory: 00000000000a0000 - 00000000000ca000
PM: Registered nosave memory: 00000000000ca000 - 00000000000cc000
PM: Registered nosave memory: 00000000000cc000 - 00000000000e0000
PM: Registered nosave memory: 00000000000e0000 - 0000000000100000
PM: Registered nosave memory: 00000000bf7a0000 - 00000000bf7bc000
PM: Registered nosave memory: 00000000bf7bc000 - 00000000bf7bd000
PM: Registered nosave memory: 00000000bf7bd000 - 00000000bf7ff000
PM: Registered nosave memory: 00000000bf7ff000 - 00000000bf800000
PM: Registered nosave memory: 00000000bf800000 - 00000000c0000000
PM: Registered nosave memory: 00000000c0000000 - 00000000e0000000
PM: Registered nosave memory: 00000000e0000000 - 00000000f0000000
PM: Registered nosave memory: 00000000f0000000 - 00000000fec00000
PM: Registered nosave memory: 00000000fec00000 - 00000000fec10000
PM: Registered nosave memory: 00000000fec10000 - 00000000fee00000
PM: Registered nosave memory: 00000000fee00000 - 00000000fee01000
PM: Registered nosave memory: 00000000fee01000 - 00000000ff000000
PM: Registered nosave memory: 00000000ff000000 - 0000000100000000
Allocating PCI resources starting at c0000000 (gap: c0000000:20000000)
Booting paravirtualized kernel on bare hardware
NR_CPUS:4096 nr_cpumask_bits:8 nr_cpu_ids:8 nr_node_ids:1
PERCPU: Embedded 31 pages/cpu @ffff880028200000 s94424 r8192 d24360 u262144
pcpu-alloc: s94424 r8192 d24360 u262144 alloc=1*2097152
pcpu-alloc: [0] 0 1 2 3 4 5 6 7 
Built 1 zonelists in Zone order, mobility grouping on.  Total pages: 4130998
Policy zone: Normal
Kernel command line: ro root=/dev/mapper/vg_devsv03-lv_root nomodeset rd_NO_LUKS  KEYBOARDTYPE=pc KEYTABLE=us LANG=en_US.UTF-8 rd_LVM_LV=vg_devsv03/lv_swap rd_NO_MD rd_LVM_LV=vg_devsv03/lv_root crashkernel=130M@0M SYSFONT=latarcyrheb-sun16 rd_NO_DM rhgb quiet
PID hash table entries: 4096 (order: 3, 32768 bytes)
Checking aperture...
No AGP bridge found
PCI-DMA: Using software bounce buffering for IO (SWIOTLB)
Placing 64MB software IO TLB between ffff880020000000 - ffff880024000000
software IO TLB at phys 0x20000000 - 0x24000000
Memory: 16306048k/17825792k available (5151k kernel code, 1057616k absent, 462128k reserved, 7166k data, 1260k init)
Hierarchical RCU implementation.
NR_IRQS:33024 nr_irqs:472
Extended CMOS year: 2000
Console: colour VGA+ 80x25
console [tty0] enabled
allocated 134217728 bytes of page_cgroup
please try 'cgroup_disable=memory' option if you don't want memory cgroups
hpet clockevent registered
Fast TSC calibration using PIT
Detected 2526.989 MHz processor.
Calibrating delay loop (skipped), value calculated using timer frequency.. 5053.97 BogoMIPS (lpj=2526989)
pid_max: default: 32768 minimum: 301
Security Framework initialized
SELinux:  Initializing.
SELinux:  Starting in permissive mode
Dentry cache hash table entries: 2097152 (order: 12, 16777216 bytes)
Inode-cache hash table entries: 1048576 (order: 11, 8388608 bytes)
Mount-cache hash table entries: 256
Initializing cgroup subsys ns
Initializing cgroup subsys cpuacct
Initializing cgroup subsys memory
Initializing cgroup subsys devices
Initializing cgroup subsys freezer
Initializing cgroup subsys net_cls
Initializing cgroup subsys blkio
Initializing cgroup subsys perf_event
Initializing cgroup subsys net_prio
CPU: Physical Processor ID: 0
CPU: Processor Core ID: 0
mce: CPU supports 9 MCE banks
CPU0: Thermal monitoring enabled (TM1)
using mwait in idle threads.
ACPI: Core revision 20090903
ftrace: converting mcount calls to 0f 1f 44 00 00
ftrace: allocating 21015 entries in 83 pages
DMAR: Host address width 36
DMAR: DRHD base: 0x000000fe710000 flags: 0x1
IOMMU fe710000: ver 1:0 cap c90780106f0462 ecap f02062
DMAR: RMRR base: 0x000000bf7d7000 end: 0x000000bf7e6bff
DMAR: No ATSR found
Setting APIC routing to flat
..TIMER: vector=0x30 apic1=0 pin1=2 apic2=-1 pin2=-1
CPU0: Intel(R) Xeon(R) CPU           X3440  @ 2.53GHz stepping 05
Performance Events: PEBS fmt1+, erratum AAJ80 worked around, Nehalem events, Intel PMU driver.
... version:                3
... bit width:              48
... generic registers:      4
... value mask:             0000ffffffffffff
... max period:             000000007fffffff
... fixed-purpose events:   3
... event mask:             000000070000000f
NMI watchdog enabled, takes one hw-pmu counter.
Booting Node   0, Processors  #1 #2 #3 #4 #5 #6 #7 Ok.
Brought up 8 CPUs
Total of 8 processors activated (40431.82 BogoMIPS).
sizeof(vma)=200 bytes
sizeof(page)=56 bytes
sizeof(inode)=592 bytes
sizeof(dentry)=192 bytes
sizeof(ext3inode)=800 bytes
sizeof(buffer_head)=104 bytes
sizeof(skbuff)=232 bytes
sizeof(task_struct)=2648 bytes
devtmpfs: initialized
PM: Registering ACPI NVS region at bf7bc000 (4096 bytes)
regulator: core version 0.5
NET: Registered protocol family 16
ACPI: bus type pci registered
PCI: MCFG configuration 0: base e0000000 segment 0 buses 0 - 16
PCI: MCFG area at e0000000 reserved in E820
PCI: Using MMCONFIG at e0000000 - e10fffff
PCI: Using configuration type 1 for base access
bio: create slab <bio-0> at 0
ACPI: EC: Look up EC in DSDT
ACPI Warning for \_SB_._OSC: Return type mismatch - found Integer, expected Buffer (20090903/nspredef-1006)
\_SB_:_OSC evaluation returned wrong type
_OSC request data:1 17 
ACPI: Interpreter enabled
ACPI: (supports S0 S1 S4 S5)
ACPI: Using IOAPIC for interrupt routing
ACPI: No dock devices found.
HEST: Table not found.
PCI: Using host bridge windows from ACPI; if necessary, use "pci=nocrs" and report a bug
ACPI: PCI Root Bridge [PCI0] (domain 0000 [bus 00-ff])
pci_root PNP0A08:00: host bridge window [io  0x0000-0x0cf7]
pci_root PNP0A08:00: host bridge window [io  0x0d00-0xffff]
pci_root PNP0A08:00: host bridge window [mem 0x000a0000-0x000bffff]
pci_root PNP0A08:00: host bridge window [mem 0x000cc000-0x000cffff]
pci_root PNP0A08:00: host bridge window [mem 0x000d0000-0x000d3fff]
pci_root PNP0A08:00: host bridge window [mem 0x000d4000-0x000d7fff]
pci_root PNP0A08:00: host bridge window [mem 0x000d8000-0x000dbfff]
pci_root PNP0A08:00: host bridge window [mem 0x000dc000-0x000dffff]
pci_root PNP0A08:00: host bridge window [mem 0xc0000000-0xdfffffff]
pci 0000:00:03.0: PME# supported from D0 D3hot D3cold
pci 0000:00:03.0: PME# disabled
pci 0000:00:1a.0: reg 10: [mem 0xdc200000-0xdc2003ff]
pci 0000:00:1a.0: PME# supported from D0 D3hot D3cold
pci 0000:00:1a.0: PME# disabled
pci 0000:00:1c.0: PME# supported from D0 D3hot D3cold
pci 0000:00:1c.0: PME# disabled
pci 0000:00:1c.4: PME# supported from D0 D3hot D3cold
pci 0000:00:1c.4: PME# disabled
pci 0000:00:1c.7: PME# supported from D0 D3hot D3cold
pci 0000:00:1c.7: PME# disabled
pci 0000:00:1d.0: reg 10: [mem 0xdc201000-0xdc2013ff]
pci 0000:00:1d.0: PME# supported from D0 D3hot D3cold
pci 0000:00:1d.0: PME# disabled
pci 0000:00:1f.2: reg 10: [io  0x1830-0x1837]
pci 0000:00:1f.2: reg 14: [io  0x1824-0x1827]
pci 0000:00:1f.2: reg 18: [io  0x1828-0x182f]
pci 0000:00:1f.2: reg 1c: [io  0x1820-0x1823]
pci 0000:00:1f.2: reg 20: [io  0x1810-0x181f]
pci 0000:00:1f.2: reg 24: [io  0x1800-0x180f]
pci 0000:00:1f.3: reg 10: [mem 0xdc202000-0xdc2020ff 64bit]
pci 0000:00:1f.3: reg 20: [io  0x1840-0x185f]
pci 0000:00:1f.5: reg 10: [io  0x1888-0x188f]
pci 0000:00:1f.5: reg 14: [io  0x183c-0x183f]
pci 0000:00:1f.5: reg 18: [io  0x1880-0x1887]
pci 0000:00:1f.5: reg 1c: [io  0x1838-0x183b]
pci 0000:00:1f.5: reg 20: [io  0x1870-0x187f]
pci 0000:00:1f.5: reg 24: [io  0x1860-0x186f]
pci 0000:00:03.0: PCI bridge to [bus 01-01]
pci 0000:00:03.0:   bridge window [io  0xf000-0x0000] (disabled)
pci 0000:00:03.0:   bridge window [mem 0xfff00000-0x000fffff] (disabled)
pci 0000:00:03.0:   bridge window [mem 0xfff00000-0x000fffff pref] (disabled)
pci 0000:00:1c.0: PCI bridge to [bus 05-05]
pci 0000:00:1c.0:   bridge window [io  0xf000-0x0000] (disabled)
pci 0000:00:1c.0:   bridge window [mem 0xfff00000-0x000fffff] (disabled)
pci 0000:00:1c.0:   bridge window [mem 0xfff00000-0x000fffff pref] (disabled)
pci 0000:00:1c.4: PCI bridge to [bus 0d-0d]
pci 0000:00:1c.4:   bridge window [io  0xf000-0x0000] (disabled)
pci 0000:00:1c.4:   bridge window [mem 0xfff00000-0x000fffff] (disabled)
pci 0000:00:1c.4:   bridge window [mem 0xfff00000-0x000fffff pref] (disabled)
pci 0000:0e:00.0: reg 10: [mem 0xdc120000-0xdc13ffff]
pci 0000:0e:00.0: reg 18: [io  0x2000-0x201f]
pci 0000:0e:00.0: reg 1c: [mem 0xdc100000-0xdc103fff]
pci 0000:0e:00.0: PME# supported from D0 D3hot D3cold
pci 0000:0e:00.0: PME# disabled
pci 0000:00:1c.7: PCI bridge to [bus 0e-0e]
pci 0000:00:1c.7:   bridge window [io  0x2000-0x2fff]
pci 0000:00:1c.7:   bridge window [mem 0xdc100000-0xdc1fffff]
pci 0000:00:1c.7:   bridge window [mem 0xfff00000-0x000fffff pref] (disabled)
pci 0000:11:03.0: reg 10: [mem 0xd8000000-0xdbffffff pref]
pci 0000:11:03.0: reg 14: [mem 0xdc000000-0xdc03ffff]
pci 0000:11:03.0: reg 18: [io  0x3000-0x307f]
pci 0000:11:03.0: supports D1 D2
pci 0000:00:1e.0: PCI bridge to [bus 11-11] (subtractive decode)
pci 0000:00:1e.0:   bridge window [io  0x3000-0x3fff]
pci 0000:00:1e.0:   bridge window [mem 0xdc000000-0xdc0fffff]
pci 0000:00:1e.0:   bridge window [mem 0xd8000000-0xdbffffff 64bit pref]
pci 0000:00:1e.0:   bridge window [io  0x0000-0x0cf7] (subtractive decode)
pci 0000:00:1e.0:   bridge window [io  0x0d00-0xffff] (subtractive decode)
pci 0000:00:1e.0:   bridge window [mem 0x000a0000-0x000bffff] (subtractive decode)
pci 0000:00:1e.0:   bridge window [mem 0x000cc000-0x000cffff] (subtractive decode)
pci 0000:00:1e.0:   bridge window [mem 0x000d0000-0x000d3fff] (subtractive decode)
pci 0000:00:1e.0:   bridge window [mem 0x000d4000-0x000d7fff] (subtractive decode)
pci 0000:00:1e.0:   bridge window [mem 0x000d8000-0x000dbfff] (subtractive decode)
pci 0000:00:1e.0:   bridge window [mem 0x000dc000-0x000dffff] (subtractive decode)
pci 0000:00:1e.0:   bridge window [mem 0xc0000000-0xdfffffff] (subtractive decode)
ACPI: PCI Interrupt Routing Table [\_SB_.PCI0._PRT]
ACPI: PCI Interrupt Routing Table [\_SB_.PCI0.P0P3._PRT]
ACPI: PCI Interrupt Routing Table [\_SB_.PCI0.PEX1._PRT]
ACPI: PCI Interrupt Routing Table [\_SB_.PCI0.PEX5._PRT]
ACPI: PCI Interrupt Routing Table [\_SB_.PCI0.PEX8._PRT]
ACPI: PCI Interrupt Routing Table [\_SB_.PCI0.PCIB._PRT]
 pci0000:00: Requesting ACPI _OSC control (0x1d)
Unable to assume _OSC PCIe control. Disabling ASPM
ACPI: PCI Interrupt Link [LNKA] (IRQs 3 4 5 6 7 10 *11 14 15)
ACPI: PCI Interrupt Link [LNKB] (IRQs 3 4 5 6 7 10 *11 14 15)
ACPI: PCI Interrupt Link [LNKC] (IRQs 3 4 5 6 7 *10 11 14 15)
ACPI: PCI Interrupt Link [LNKD] (IRQs 3 4 5 6 7 *10 11 14 15)
ACPI: PCI Interrupt Link [LNKE] (IRQs 3 4 5 6 7 10 11 14 15) *0, disabled.
ACPI: PCI Interrupt Link [LNKF] (IRQs 4 5 6 7 10 11 14 15) *0, disabled.
ACPI: PCI Interrupt Link [LNKG] (IRQs 3 4 5 6 7 10 11 14 15) *0, disabled.
ACPI: PCI Interrupt Link [LNKH] (IRQs 4 5 6 7 10 11 14 15) *9
vgaarb: device added: PCI:0000:11:03.0,decodes=io+mem,owns=io+mem,locks=none
vgaarb: loaded
vgaarb: bridge control possible 0000:11:03.0
SCSI subsystem initialized
libata version 3.00 loaded.
usbcore: registered new interface driver usbfs
usbcore: registered new interface driver hub
usbcore: registered new device driver usb
PCI: Using ACPI for IRQ routing
PCI: old code would have set cacheline size to 32 bytes, but clflush_size = 64
PCI: pci_cache_line_size set to 64 bytes
NetLabel: Initializing
NetLabel:  domain hash size = 128
NetLabel:  protocols = UNLABELED CIPSOv4
NetLabel:  unlabeled traffic allowed by default
  alloc irq_desc for 24 on node 0
  alloc kstat_irqs on node 0
  alloc irq_desc for 25 on node 0
  alloc kstat_irqs on node 0
  alloc irq_desc for 26 on node 0
  alloc kstat_irqs on node 0
  alloc irq_desc for 27 on node 0
  alloc kstat_irqs on node 0
  alloc irq_desc for 28 on node 0
  alloc kstat_irqs on node 0
HPET: 8 timers in total, 5 timers will be used for per-cpu timer
hpet0: at MMIO 0xfed00000, IRQs 2, 8, 24, 25, 26, 27, 28, 0
hpet0: 8 comparators, 64-bit 14.318180 MHz counter
hpet: hpet2 irq 24 for MSI
hpet: hpet3 irq 25 for MSI
hpet: hpet4 irq 26 for MSI
hpet: hpet5 irq 27 for MSI
hpet: hpet6 irq 28 for MSI
Switching to clocksource hpet
pnp: PnP ACPI init
ACPI: bus type pnp registered
pnp 00:00: [io  0x0cf8-0x0cff]
pnp 00:00: Plug and Play ACPI device, IDs PNP0a08 PNP0a03 (active)
pnp 00:01: [io  0x0010-0x001f]
pnp 00:01: [io  0x0024-0x0025]
pnp 00:01: [io  0x0028-0x0029]
pnp 00:01: [io  0x002c-0x002d]
pnp 00:01: [io  0x002e-0x002f]
pnp 00:01: [io  0x0030-0x0031]
pnp 00:01: [io  0x0034-0x0035]
pnp 00:01: [io  0x0038-0x0039]
pnp 00:01: [io  0x003c-0x003d]
pnp 00:01: [io  0x004e-0x004f]
pnp 00:01: [io  0x0050-0x0053]
pnp 00:01: [io  0x0063]
pnp 00:01: [io  0x0065]
pnp 00:01: [io  0x0067]
pnp 00:01: [io  0x0072-0x0077]
pnp 00:01: [io  0x007e-0x007f]
pnp 00:01: [io  0x0080]
pnp 00:01: [io  0x0090-0x009f]
pnp 00:01: [io  0x00a4-0x00a5]
pnp 00:01: [io  0x00a8-0x00a9]
pnp 00:01: [io  0x00ac-0x00ad]
pnp 00:01: [io  0x00b0-0x00b5]
pnp 00:01: [io  0x00b8-0x00b9]
pnp 00:01: [io  0x00bc-0x00bd]
pnp 00:01: [io  0x0290-0x029f]
pnp 00:01: [io  0x04d0-0x04d1]
pnp 00:01: [io  0x0800-0x080f]
pnp 00:01: [io  0x1000-0x107f]
pnp 00:01: [io  0x1180-0x11bf]
pnp 00:01: [io  0xfe00]
pnp 00:01: [mem 0xe0000000-0xefffffff]
pnp 00:01: [mem 0xfe710000-0xfe710fff]
pnp 00:01: [mem 0xfe711000-0xfe711fff]
pnp 00:01: [mem 0xfe713000-0xfe713fff]
pnp 00:01: [mem 0xfc000000-0xfcffffff]
pnp 00:01: [mem 0xfee00000-0xfeefffff]
pnp 00:01: [mem 0xfe800000-0xfe9fffff]
pnp 00:01: [mem 0xfeb00000-0xfebfffff]
pnp 00:01: [mem 0xfed20000-0xfed44fff]
pnp 00:01: [mem 0xfed45000-0xfed8ffff]
pnp 00:01: Plug and Play ACPI device, IDs PNP0c02 (active)
pnp 00:02: [io  0x0000-0x001f]
pnp 00:02: [io  0x0081-0x0091]
pnp 00:02: [io  0x0093-0x009f]
pnp 00:02: [io  0x00c0-0x00df]
pnp 00:02: [dma 4]
pnp 00:02: Plug and Play ACPI device, IDs PNP0200 (active)
pnp 00:03: [io  0x00f0-0x00fe]
pnp 00:03: [irq 13]
pnp 00:03: Plug and Play ACPI device, IDs PNP0c04 (active)
pnp 00:04: [irq 0 disabled]
pnp 00:04: [irq 8]
pnp 00:04: [mem 0xfed00000-0xfed003ff]
pnp 00:04: Plug and Play ACPI device, IDs PNP0103 (active)
pnp 00:05: [io  0x0070-0x0071]
pnp 00:05: Plug and Play ACPI device, IDs PNP0b00 (active)
pnp 00:06: [io  0x0061]
pnp 00:06: Plug and Play ACPI device, IDs PNP0800 (active)
pnp 00:07: [io  0x03f8-0x03ff]
pnp 00:07: [irq 4]
pnp 00:07: Plug and Play ACPI device, IDs PNP0501 (active)
pnp 00:08: [io  0x02f8-0x02ff]
pnp 00:08: [irq 3]
pnp 00:08: Plug and Play ACPI device, IDs PNP0501 (active)
pnp 00:09: [io  0x0060]
pnp 00:09: [io  0x0064]
pnp 00:09: [irq 1]
pnp 00:09: Plug and Play ACPI device, IDs PNP0303 (active)
pnp 00:0a: [irq 12]
pnp 00:0a: Plug and Play ACPI device, IDs PNP0f13 (active)
pnp: PnP ACPI: found 11 devices
ACPI: ACPI bus type pnp unregistered
system 00:01: [io  0x0290-0x029f] has been reserved
system 00:01: [io  0x04d0-0x04d1] has been reserved
system 00:01: [io  0x0800-0x080f] has been reserved
system 00:01: [io  0x1000-0x107f] has been reserved
system 00:01: [io  0x1180-0x11bf] has been reserved
system 00:01: [io  0xfe00] has been reserved
system 00:01: [mem 0xe0000000-0xefffffff] has been reserved
system 00:01: [mem 0xfe710000-0xfe710fff] has been reserved
system 00:01: [mem 0xfe711000-0xfe711fff] has been reserved
system 00:01: [mem 0xfe713000-0xfe713fff] has been reserved
system 00:01: [mem 0xfc000000-0xfcffffff] has been reserved
system 00:01: [mem 0xfee00000-0xfeefffff] could not be reserved
system 00:01: [mem 0xfe800000-0xfe9fffff] has been reserved
system 00:01: [mem 0xfeb00000-0xfebfffff] has been reserved
system 00:01: [mem 0xfed20000-0xfed44fff] has been reserved
system 00:01: [mem 0xfed45000-0xfed8ffff] has been reserved
PCI: max bus depth: 1 pci_try_num: 2
pci 0000:00:1c.7: BAR 15: assigned [mem 0xc0000000-0xc01fffff 64bit pref]
pci 0000:00:1c.4: BAR 14: assigned [mem 0xc0200000-0xc03fffff]
pci 0000:00:1c.4: BAR 15: assigned [mem 0xc0400000-0xc05fffff 64bit pref]
pci 0000:00:1c.4: BAR 13: assigned [io  0x4000-0x4fff]
pci 0000:00:1c.0: BAR 14: assigned [mem 0xc0600000-0xc07fffff]
pci 0000:00:1c.0: BAR 15: assigned [mem 0xc0800000-0xc09fffff 64bit pref]
pci 0000:00:1c.0: BAR 13: assigned [io  0x5000-0x5fff]
pci 0000:00:03.0: PCI bridge to [bus 01-01]
pci 0000:00:03.0: PCI bridge to [bus 01-01]
pci 0000:00:03.0:   bridge window [io  disabled]
pci 0000:00:03.0:   bridge window [mem disabled]
pci 0000:00:03.0:   bridge window [mem pref disabled]
pci 0000:00:1c.0: PCI bridge to [bus 05-05]
pci 0000:00:1c.0: PCI bridge to [bus 05-05]
pci 0000:00:1c.0:   bridge window [io  0x5000-0x5fff]
pci 0000:00:1c.0:   bridge window [mem 0xc0600000-0xc07fffff]
pci 0000:00:1c.0:   bridge window [mem 0xc0800000-0xc09fffff 64bit pref]
pci 0000:00:1c.4: PCI bridge to [bus 0d-0d]
pci 0000:00:1c.4: PCI bridge to [bus 0d-0d]
pci 0000:00:1c.4:   bridge window [io  0x4000-0x4fff]
pci 0000:00:1c.4:   bridge window [mem 0xc0200000-0xc03fffff]
pci 0000:00:1c.4:   bridge window [mem 0xc0400000-0xc05fffff 64bit pref]
pci 0000:00:1c.7: PCI bridge to [bus 0e-0e]
pci 0000:00:1c.7: PCI bridge to [bus 0e-0e]
pci 0000:00:1c.7:   bridge window [io  0x2000-0x2fff]
pci 0000:00:1c.7:   bridge window [mem 0xdc100000-0xdc1fffff]
pci 0000:00:1c.7:   bridge window [mem 0xc0000000-0xc01fffff 64bit pref]
pci 0000:00:1e.0: PCI bridge to [bus 11-11]
pci 0000:00:1e.0: PCI bridge to [bus 11-11]
pci 0000:00:1e.0:   bridge window [io  0x3000-0x3fff]
pci 0000:00:1e.0:   bridge window [mem 0xdc000000-0xdc0fffff]
pci 0000:00:1e.0:   bridge window [mem 0xd8000000-0xdbffffff 64bit pref]
  alloc irq_desc for 16 on node -1
  alloc kstat_irqs on node -1
pci 0000:00:03.0: PCI INT A -> GSI 16 (level, low) -> IRQ 16
pci 0000:00:03.0: setting latency timer to 64
pci 0000:00:1c.0: enabling device (0140 -> 0143)
  alloc irq_desc for 17 on node -1
  alloc kstat_irqs on node -1
pci 0000:00:1c.0: PCI INT A -> GSI 17 (level, low) -> IRQ 17
pci 0000:00:1c.0: setting latency timer to 64
pci 0000:00:1c.4: enabling device (0140 -> 0143)
pci 0000:00:1c.4: PCI INT A -> GSI 17 (level, low) -> IRQ 17
pci 0000:00:1c.4: setting latency timer to 64
  alloc irq_desc for 19 on node -1
  alloc kstat_irqs on node -1
pci 0000:00:1c.7: PCI INT D -> GSI 19 (level, low) -> IRQ 19
pci 0000:00:1c.7: setting latency timer to 64
pci 0000:00:1e.0: setting latency timer to 64
pci_bus 0000:00: resource 4 [io  0x0000-0x0cf7]
pci_bus 0000:00: resource 5 [io  0x0d00-0xffff]
pci_bus 0000:00: resource 6 [mem 0x000a0000-0x000bffff]
pci_bus 0000:00: resource 7 [mem 0x000cc000-0x000cffff]
pci_bus 0000:00: resource 8 [mem 0x000d0000-0x000d3fff]
pci_bus 0000:00: resource 9 [mem 0x000d4000-0x000d7fff]
pci_bus 0000:00: resource 10 [mem 0x000d8000-0x000dbfff]
pci_bus 0000:00: resource 11 [mem 0x000dc000-0x000dffff]
pci_bus 0000:00: resource 12 [mem 0xc0000000-0xdfffffff]
pci_bus 0000:05: resource 0 [io  0x5000-0x5fff]
pci_bus 0000:05: resource 1 [mem 0xc0600000-0xc07fffff]
pci_bus 0000:05: resource 2 [mem 0xc0800000-0xc09fffff 64bit pref]
pci_bus 0000:0d: resource 0 [io  0x4000-0x4fff]
pci_bus 0000:0d: resource 1 [mem 0xc0200000-0xc03fffff]
pci_bus 0000:0d: resource 2 [mem 0xc0400000-0xc05fffff 64bit pref]
pci_bus 0000:0e: resource 0 [io  0x2000-0x2fff]
pci_bus 0000:0e: resource 1 [mem 0xdc100000-0xdc1fffff]
pci_bus 0000:0e: resource 2 [mem 0xc0000000-0xc01fffff 64bit pref]
pci_bus 0000:11: resource 0 [io  0x3000-0x3fff]
pci_bus 0000:11: resource 1 [mem 0xdc000000-0xdc0fffff]
pci_bus 0000:11: resource 2 [mem 0xd8000000-0xdbffffff 64bit pref]
pci_bus 0000:11: resource 4 [io  0x0000-0x0cf7]
pci_bus 0000:11: resource 5 [io  0x0d00-0xffff]
pci_bus 0000:11: resource 6 [mem 0x000a0000-0x000bffff]
pci_bus 0000:11: resource 7 [mem 0x000cc000-0x000cffff]
pci_bus 0000:11: resource 8 [mem 0x000d0000-0x000d3fff]
pci_bus 0000:11: resource 9 [mem 0x000d4000-0x000d7fff]
pci_bus 0000:11: resource 10 [mem 0x000d8000-0x000dbfff]
pci_bus 0000:11: resource 11 [mem 0x000dc000-0x000dffff]
pci_bus 0000:11: resource 12 [mem 0xc0000000-0xdfffffff]
NET: Registered protocol family 2
IP route cache hash table entries: 524288 (order: 10, 4194304 bytes)
TCP established hash table entries: 524288 (order: 11, 8388608 bytes)
TCP bind hash table entries: 65536 (order: 8, 1048576 bytes)
TCP: Hash tables configured (established 524288 bind 65536)
TCP reno registered
NET: Registered protocol family 1
pci 0000:00:1a.0: PCI INT A -> GSI 16 (level, low) -> IRQ 16
pci 0000:00:1a.0: PCI INT A disabled
  alloc irq_desc for 23 on node -1
  alloc kstat_irqs on node -1
pci 0000:00:1d.0: PCI INT A -> GSI 23 (level, low) -> IRQ 23
pci 0000:00:1d.0: PCI INT A disabled
pci 0000:11:03.0: Boot video device
Trying to unpack rootfs image as initramfs...
Freeing initrd memory: 15566k freed
Simple Boot Flag at 0x36 set to 0x80
audit: initializing netlink socket (disabled)
type=2000 audit(1356141065.519:1): initialized
HugeTLB registered 2 MB page size, pre-allocated 0 pages
VFS: Disk quotas dquot_6.5.2
Dquot-cache hash table entries: 512 (order 0, 4096 bytes)
msgmni has been set to 31878
SELinux:  Registering netfilter hooks
alg: No test for stdrng (krng)
ksign: Installing public key data
Loading keyring
- Added public key 2E8E5C39AF9EC7F8
- User ID: Red Hat, Inc. (Kernel Module GPG key)
- Added public key D4A26C9CCD09BEDA
- User ID: Red Hat Enterprise Linux Driver Update Program <secalert@redhat.com>
Block layer SCSI generic (bsg) driver version 0.4 loaded (major 252)
io scheduler noop registered
io scheduler anticipatory registered
io scheduler deadline registered
io scheduler cfq registered (default)
pci_hotplug: PCI Hot Plug PCI Core version: 0.5
pciehp: PCI Express Hot Plug Controller Driver version: 0.4
acpiphp: ACPI Hot Plug PCI Controller Driver version: 0.5
intel_idle: MWAIT substates: 0x1120
intel_idle: v0.4 model 0x1E
intel_idle: lapic_timer_reliable_states 0x2
input: Power Button as /devices/LNXSYSTM:00/LNXSYBUS:00/PNP0A08:00/PNP0C0C:00/input/input0
ACPI: Power Button [PWRB]
input: Power Button as /devices/LNXSYSTM:00/LNXPWRBN:00/input/input1
ACPI: Power Button [PWRF]
ACPI: acpi_idle yielding to intel_idle
ERST: Table is not found!
GHES: HEST is not enabled!
Non-volatile memory driver v1.3
Linux agpgart interface v0.103
crash memory driver: version 1.1
Serial: 8250/16550 driver, 4 ports, IRQ sharing enabled
serial8250: ttyS0 at I/O 0x3f8 (irq = 4) is a 16550A
serial8250: ttyS1 at I/O 0x2f8 (irq = 3) is a 16550A
00:07: ttyS0 at I/O 0x3f8 (irq = 4) is a 16550A
00:08: ttyS1 at I/O 0x2f8 (irq = 3) is a 16550A
brd: module loaded
loop: module loaded
input: Macintosh mouse button emulation as /devices/virtual/input/input2
Fixed MDIO Bus: probed
ehci_hcd: USB 2.0 'Enhanced' Host Controller (EHCI) Driver
ehci_hcd 0000:00:1a.0: PCI INT A -> GSI 16 (level, low) -> IRQ 16
ehci_hcd 0000:00:1a.0: setting latency timer to 64
ehci_hcd 0000:00:1a.0: EHCI Host Controller
ehci_hcd 0000:00:1a.0: new USB bus registered, assigned bus number 1
ehci_hcd 0000:00:1a.0: debug port 2
ehci_hcd 0000:00:1a.0: cache line size of 64 is not supported
ehci_hcd 0000:00:1a.0: irq 16, io mem 0xdc200000
ehci_hcd 0000:00:1a.0: USB 2.0 started, EHCI 1.00
usb usb1: New USB device found, idVendor=1d6b, idProduct=0002
usb usb1: New USB device strings: Mfr=3, Product=2, SerialNumber=1
usb usb1: Product: EHCI Host Controller
usb usb1: Manufacturer: Linux 2.6.32-279.el6.x86_64 ehci_hcd
usb usb1: SerialNumber: 0000:00:1a.0
usb usb1: configuration #1 chosen from 1 choice
hub 1-0:1.0: USB hub found
hub 1-0:1.0: 2 ports detected
ehci_hcd 0000:00:1d.0: PCI INT A -> GSI 23 (level, low) -> IRQ 23
ehci_hcd 0000:00:1d.0: setting latency timer to 64
ehci_hcd 0000:00:1d.0: EHCI Host Controller
ehci_hcd 0000:00:1d.0: new USB bus registered, assigned bus number 2
ehci_hcd 0000:00:1d.0: debug port 2
ehci_hcd 0000:00:1d.0: cache line size of 64 is not supported
ehci_hcd 0000:00:1d.0: irq 23, io mem 0xdc201000
ehci_hcd 0000:00:1d.0: USB 2.0 started, EHCI 1.00
usb usb2: New USB device found, idVendor=1d6b, idProduct=0002
usb usb2: New USB device strings: Mfr=3, Product=2, SerialNumber=1
usb usb2: Product: EHCI Host Controller
usb usb2: Manufacturer: Linux 2.6.32-279.el6.x86_64 ehci_hcd
usb usb2: SerialNumber: 0000:00:1d.0
usb usb2: configuration #1 chosen from 1 choice
hub 2-0:1.0: USB hub found
hub 2-0:1.0: 2 ports detected
ohci_hcd: USB 1.1 'Open' Host Controller (OHCI) Driver
uhci_hcd: USB Universal Host Controller Interface driver
PNP: PS/2 Controller [PNP0303:PS2K,PNP0f13:PS2M] at 0x60,0x64 irq 1,12
serio: i8042 KBD port at 0x60,0x64 irq 1
mice: PS/2 mouse device common for all mice
rtc_cmos 00:05: RTC can wake from S4
rtc_cmos 00:05: rtc core: registered rtc_cmos as rtc0
rtc0: alarms up to one month, y3k, 114 bytes nvram, hpet irqs
cpuidle: using governor ladder
cpuidle: using governor menu
EFI Variables Facility v0.08 2004-May-17
usbcore: registered new interface driver hiddev
usbcore: registered new interface driver usbhid
usbhid: v2.6:USB HID core driver
TCP cubic registered
Initializing XFRM netlink socket
NET: Registered protocol family 17
registered taskstats version 1
rtc_cmos 00:05: setting system clock to 2012-12-22 01:51:07 UTC (1356141067)
Initalizing network drop monitor service
Freeing unused kernel memory: 1260k freed
Write protecting the kernel read-only data: 10240k
Freeing unused kernel memory: 972k freed
Freeing unused kernel memory: 1732k freed
dracut: dracut-004-283.el6
dracut: rd_NO_LUKS: removing cryptoluks activation
device-mapper: uevent: version 1.0.3
device-mapper: ioctl: 4.22.6-ioctl (2011-10-19) initialised: dm-devel@redhat.com
usb 1-1: new high speed USB device number 2 using ehci_hcd
udev: starting version 147
dracut: Starting plymouth daemon
dracut: rd_NO_DM: removing DM RAID activation
dracut: rd_NO_MD: removing MD RAID activation
usb 1-1: New USB device found, idVendor=8087, idProduct=0020
usb 1-1: New USB device strings: Mfr=0, Product=0, SerialNumber=0
usb 1-1: configuration #1 chosen from 1 choice
hub 1-1:1.0: USB hub found
hub 1-1:1.0: 6 ports detected
ata_piix 0000:00:1f.2: version 2.13
ata_piix 0000:00:1f.2: PCI INT B -> GSI 19 (level, low) -> IRQ 19
ata_piix 0000:00:1f.2: MAP [ P0 P2 P1 P3 ]
ata_piix 0000:00:1f.2: setting latency timer to 64
scsi0 : ata_piix
scsi1 : ata_piix
ata1: SATA max UDMA/133 cmd 0x1830 ctl 0x1824 bmdma 0x1810 irq 19
ata2: SATA max UDMA/133 cmd 0x1828 ctl 0x1820 bmdma 0x1818 irq 19
  alloc irq_desc for 18 on node -1
  alloc kstat_irqs on node -1
ata_piix 0000:00:1f.5: PCI INT C -> GSI 18 (level, low) -> IRQ 18
ata_piix 0000:00:1f.5: MAP [ P0 -- P1 -- ]
ata_piix 0000:00:1f.5: setting latency timer to 64
scsi2 : ata_piix
scsi3 : ata_piix
ata3: SATA max UDMA/133 cmd 0x1888 ctl 0x183c bmdma 0x1870 irq 18
ata4: SATA max UDMA/133 cmd 0x1880 ctl 0x1838 bmdma 0x1878 irq 18
Refined TSC clocksource calibration: 2526.961 MHz.
Switching to clocksource tsc
usb 2-1: new high speed USB device number 2 using ehci_hcd
usb 2-1: New USB device found, idVendor=8087, idProduct=0020
usb 2-1: New USB device strings: Mfr=0, Product=0, SerialNumber=0
usb 2-1: configuration #1 chosen from 1 choice
hub 2-1:1.0: USB hub found
hub 2-1:1.0: 8 ports detected
ata3: SATA link down (SStatus 0 SControl 300)
ata4: SATA link up 1.5 Gbps (SStatus 113 SControl 300)
ata4.00: ATAPI: HL-DT-ST DVDROM DH20N, NC04, max UDMA/100
usb 2-1.6: new low speed USB device number 3 using ehci_hcd
ata4.00: configured for UDMA/100
usb 2-1.6: New USB device found, idVendor=04d9, idProduct=1203
usb 2-1.6: New USB device strings: Mfr=0, Product=0, SerialNumber=0
usb 2-1.6: configuration #1 chosen from 1 choice
input: HID 04d9:1203 as /devices/pci0000:00/0000:00:1d.0/usb2/2-1/2-1.6/2-1.6:1.0/input/input3
generic-usb 0003:04D9:1203.0001: input,hidraw0: USB HID v1.11 Keyboard [HID 04d9:1203] on usb-0000:00:1d.0-1.6/input0
input: HID 04d9:1203 as /devices/pci0000:00/0000:00:1d.0/usb2/2-1/2-1.6/2-1.6:1.1/input/input4
generic-usb 0003:04D9:1203.0002: input,hidraw1: USB HID v1.11 Device [HID 04d9:1203] on usb-0000:00:1d.0-1.6/input1
ata2.00: SATA link up 3.0 Gbps (SStatus 123 SControl 300)
ata2.01: SATA link down (SStatus 0 SControl 300)
ata1.00: SATA link up 3.0 Gbps (SStatus 123 SControl 300)
ata1.01: SATA link down (SStatus 0 SControl 300)
ata2.00: ATA-8: Hitachi HDS721010CLA332, JP4OA3MA, max UDMA/133
ata2.00: 1953525168 sectors, multi 16: LBA48 NCQ (depth 0/32)
ata1.00: ATA-9: INTEL SSDSC2CW180A3, 400i, max UDMA/133
ata1.00: 351651888 sectors, multi 16: LBA48 NCQ (depth 0/32)
ata2.00: configured for UDMA/133
ata1.00: configured for UDMA/133
scsi 0:0:0:0: Direct-Access     ATA      INTEL SSDSC2CW18 400i PQ: 0 ANSI: 5
scsi 1:0:0:0: Direct-Access     ATA      Hitachi HDS72101 JP4O PQ: 0 ANSI: 5
scsi 3:0:0:0: CD-ROM            HL-DT-ST DVDROM DH20N     NC04 PQ: 0 ANSI: 5
sd 0:0:0:0: [sda] 351651888 512-byte logical blocks: (180 GB/167 GiB)
sd 1:0:0:0: [sdb] 1953525168 512-byte logical blocks: (1.00 TB/931 GiB)
sd 1:0:0:0: [sdb] Write Protect is off
sd 1:0:0:0: [sdb] Mode Sense: 00 3a 00 00
sd 0:0:0:0: [sda] Write Protect is off
sd 0:0:0:0: [sda] Mode Sense: 00 3a 00 00
sd 1:0:0:0: [sdb] Write cache: enabled, read cache: enabled, doesn't support DPO or FUA
sd 0:0:0:0: [sda] Write cache: enabled, read cache: enabled, doesn't support DPO or FUA
 sdb:
 sda:
sd 0:0:0:0: [sda] Attached SCSI disk
 sdb1 sdb2
sd 1:0:0:0: [sdb] Attached SCSI disk
sr0: scsi3-mmc drive: 12x/62x cd/rw xa/form2 cdda tray
Uniform CD-ROM driver Revision: 3.20
sr 3:0:0:0: Attached scsi CD-ROM sr0
dracut: Scanning devices sdb2  for LVM logical volumes vg_devsv03/lv_swap vg_devsv03/lv_root 
dracut: inactive '/dev/vg_devsv03/lv_root' [50.00 GiB] inherit
dracut: inactive '/dev/vg_devsv03/lv_swap' [7.85 GiB] inherit
dracut: inactive '/dev/vg_devsv03/lv_home' [400.00 GiB] inherit
EXT4-fs (dm-0): mounted filesystem with ordered data mode. Opts: 
dracut: Mounted root filesystem /dev/mapper/vg_devsv03-lv_root
dracut: Loading SELinux policy
type=1404 audit(1356141069.218:2): enforcing=1 old_enforcing=0 auid=4294967295 ses=4294967295
SELinux: 2048 avtab hash slots, 250818 rules.
SELinux: 2048 avtab hash slots, 250818 rules.
SELinux:  9 users, 12 roles, 3761 types, 187 bools, 1 sens, 1024 cats
SELinux:  81 classes, 250818 rules
SELinux:  Completing initialization.
SELinux:  Setting up existing superblocks.
SELinux: initialized (dev dm-0, type ext4), uses xattr
SELinux: initialized (dev tmpfs, type tmpfs), uses transition SIDs
SELinux: initialized (dev usbfs, type usbfs), uses genfs_contexts
SELinux: initialized (dev selinuxfs, type selinuxfs), uses genfs_contexts
SELinux: initialized (dev mqueue, type mqueue), uses transition SIDs
SELinux: initialized (dev hugetlbfs, type hugetlbfs), uses transition SIDs
SELinux: initialized (dev devpts, type devpts), uses transition SIDs
SELinux: initialized (dev inotifyfs, type inotifyfs), uses genfs_contexts
SELinux: initialized (dev anon_inodefs, type anon_inodefs), uses genfs_contexts
SELinux: initialized (dev pipefs, type pipefs), uses task SIDs
SELinux: initialized (dev debugfs, type debugfs), uses genfs_contexts
SELinux: initialized (dev sockfs, type sockfs), uses task SIDs
SELinux: initialized (dev devtmpfs, type devtmpfs), uses transition SIDs
SELinux: initialized (dev tmpfs, type tmpfs), uses transition SIDs
SELinux: initialized (dev proc, type proc), uses genfs_contexts
SELinux: initialized (dev bdev, type bdev), uses genfs_contexts
SELinux: initialized (dev rootfs, type rootfs), uses genfs_contexts
SELinux: initialized (dev sysfs, type sysfs), uses genfs_contexts
type=1403 audit(1356141069.630:3): policy loaded auid=4294967295 ses=4294967295
dracut: 
dracut: Switching root
readahead: starting
udev: starting version 147
shpchp: Standard Hot Plug PCI Controller Driver version: 0.4
iTCO_vendor_support: vendor-support=0
iTCO_wdt: Intel TCO WatchDog Timer Driver v1.07rh
iTCO_wdt: Found a 3420 TCO device (Version=2, TCOBASE=0x1060)
iTCO_wdt: initialized. heartbeat=30 sec (nowayout=0)
i801_smbus 0000:00:1f.3: PCI INT C -> GSI 18 (level, low) -> IRQ 18
microcode: CPU0 sig=0x106e5, pf=0x2, revision=0x4
platform microcode: firmware: requesting intel-ucode/06-1e-05
microcode: CPU1 sig=0x106e5, pf=0x2, revision=0x4
platform microcode: firmware: requesting intel-ucode/06-1e-05
microcode: CPU2 sig=0x106e5, pf=0x2, revision=0x4
platform microcode: firmware: requesting intel-ucode/06-1e-05
microcode: CPU3 sig=0x106e5, pf=0x2, revision=0x4
platform microcode: firmware: requesting intel-ucode/06-1e-05
microcode: CPU4 sig=0x106e5, pf=0x2, revision=0x4
platform microcode: firmware: requesting intel-ucode/06-1e-05
microcode: CPU5 sig=0x106e5, pf=0x2, revision=0x4
platform microcode: firmware: requesting intel-ucode/06-1e-05
microcode: CPU6 sig=0x106e5, pf=0x2, revision=0x4
platform microcode: firmware: requesting intel-ucode/06-1e-05
microcode: CPU7 sig=0x106e5, pf=0x2, revision=0x4
platform microcode: firmware: requesting intel-ucode/06-1e-05
Microcode Update Driver: v2.00 <tigran@aivazian.fsnet.co.uk>, Peter Oruba
sd 0:0:0:0: Attached scsi generic sg0 type 0
sd 1:0:0:0: Attached scsi generic sg1 type 0
sr 3:0:0:0: Attached scsi generic sg2 type 5
e1000e: Intel(R) PRO/1000 Network Driver - 1.9.5-k
e1000e: Copyright(c) 1999 - 2012 Intel Corporation.
e1000e 0000:0e:00.0: Disabling ASPM L0s 
e1000e 0000:0e:00.0: PCI INT A -> GSI 19 (level, low) -> IRQ 19
e1000e 0000:0e:00.0: setting latency timer to 64
  alloc irq_desc for 29 on node -1
  alloc kstat_irqs on node -1
e1000e 0000:0e:00.0: irq 29 for MSI/MSI-X
  alloc irq_desc for 30 on node -1
  alloc kstat_irqs on node -1
e1000e 0000:0e:00.0: irq 30 for MSI/MSI-X
  alloc irq_desc for 31 on node -1
  alloc kstat_irqs on node -1
e1000e 0000:0e:00.0: irq 31 for MSI/MSI-X
e1000e 0000:0e:00.0: eth0: (PCI Express:2.5GT/s:Width x1) 6c:f0:49:c5:59:00
e1000e 0000:0e:00.0: eth0: Intel(R) PRO/1000 Network Connection
e1000e 0000:0e:00.0: eth0: MAC: 3, PHY: 8, PBA No: FFFFFF-0FF
kvm: VM_EXIT_LOAD_IA32_PERF_GLOBAL_CTRL does not work properly. Using workaround
tun: Universal TUN/TAP device driver, 1.6
tun: (C) 1999-2004 Max Krasnyansky <maxk@qualcomm.com>
EXT4-fs (sdb1): mounted filesystem with ordered data mode. Opts: 
SELinux: initialized (dev sdb1, type ext4), uses xattr
EXT4-fs (dm-2): mounted filesystem with ordered data mode. Opts: 
SELinux: initialized (dev dm-2, type ext4), uses xattr
Adding 8232952k swap on /dev/mapper/vg_devsv03-lv_swap.  Priority:-1 extents:1 across:8232952k 
SELinux: initialized (dev binfmt_misc, type binfmt_misc), uses genfs_contexts
SELinux: initialized (dev cgroup, type cgroup), uses genfs_contexts
SELinux: initialized (dev cgroup, type cgroup), uses genfs_contexts
SELinux: initialized (dev cgroup, type cgroup), uses genfs_contexts
SELinux: initialized (dev cgroup, type cgroup), uses genfs_contexts
SELinux: initialized (dev cgroup, type cgroup), uses genfs_contexts
SELinux: initialized (dev cgroup, type cgroup), uses genfs_contexts
SELinux: initialized (dev cgroup, type cgroup), uses genfs_contexts
SELinux: initialized (dev cgroup, type cgroup), uses genfs_contexts
NET: Registered protocol family 10
lo: Disabled Privacy Extensions
ip6_tables: (C) 2000-2006 Netfilter Core Team
nf_conntrack version 0.5.0 (16384 buckets, 65536 max)
ip_tables: (C) 2000-2006 Netfilter Core Team
ADDRCONF(NETDEV_UP): eth0: link is not ready
e1000e: eth0 NIC Link is Up 1000 Mbps Full Duplex, Flow Control: None
ADDRCONF(NETDEV_CHANGE): eth0: link becomes ready
RPC: Registered named UNIX socket transport module.
RPC: Registered udp transport module.
RPC: Registered tcp transport module.
RPC: Registered tcp NFSv4.1 backchannel transport module.
SELinux: initialized (dev rpc_pipefs, type rpc_pipefs), uses genfs_contexts
SELinux: initialized (dev autofs, type autofs), uses genfs_contexts
SELinux: initialized (dev autofs, type autofs), uses genfs_contexts
SELinux: initialized (dev autofs, type autofs), uses genfs_contexts
Bridge firewalling registered
device virbr0-nic entered promiscuous mode
virbr0: starting userspace STP failed, starting kernel STP
Ebtables v2.0 registered
SELinux: initialized (dev mqueue, type mqueue), uses transition SIDs
SELinux: initialized (dev proc, type proc), uses genfs_contexts
SELinux: initialized (dev mqueue, type mqueue), uses transition SIDs
lo: Disabled Privacy Extensions
SELinux: initialized (dev proc, type proc), uses genfs_contexts
 sda: sda1
kjournald starting.  Commit interval 5 seconds
EXT3-fs (sda1): using internal journal
EXT3-fs (sda1): mounted filesystem with ordered data mode
SELinux: initialized (dev sda1, type ext3), uses xattr
EXT3-fs (sda1): error: unrecognized mount option "discard" or missing value
EXT3-fs (sda1): error: unrecognized mount option "discard" or missing value
EXT3-fs (sda1): error: unrecognized mount option "discard" or missing value
kjournald starting.  Commit interval 5 seconds
EXT3-fs (sda1): using internal journal
EXT3-fs (sda1): mounted filesystem with ordered data mode
SELinux: initialized (dev sda1, type ext3), uses xattr
kjournald starting.  Commit interval 5 seconds
EXT3-fs (sda1): using internal journal
EXT3-fs (sda1): mounted filesystem with ordered data mode
SELinux: initialized (dev sda1, type ext3), uses xattr
EXT4-fs (sda1): mounted filesystem with ordered data mode. Opts: 
SELinux: initialized (dev sda1, type ext4), uses xattr
usb 2-1.6: USB disconnect, device number 3
usb 2-1.6: new low speed USB device number 4 using ehci_hcd
usb 2-1.6: New USB device found, idVendor=04d9, idProduct=1203
usb 2-1.6: New USB device strings: Mfr=0, Product=0, SerialNumber=0
usb 2-1.6: configuration #1 chosen from 1 choice
input: HID 04d9:1203 as /devices/pci0000:00/0000:00:1d.0/usb2/2-1/2-1.6/2-1.6:1.0/input/input5
generic-usb 0003:04D9:1203.0003: input,hidraw0: USB HID v1.11 Keyboard [HID 04d9:1203] on usb-0000:00:1d.0-1.6/input0
input: HID 04d9:1203 as /devices/pci0000:00/0000:00:1d.0/usb2/2-1/2-1.6/2-1.6:1.1/input/input6
generic-usb 0003:04D9:1203.0004: input,hidraw1: USB HID v1.11 Device [HID 04d9:1203] on usb-0000:00:1d.0-1.6/input1
usb 2-1.6: USB disconnect, device number 4
usb 2-1.6: new low speed USB device number 5 using ehci_hcd
usb 2-1.6: New USB device found, idVendor=04d9, idProduct=1203
usb 2-1.6: New USB device strings: Mfr=0, Product=0, SerialNumber=0
usb 2-1.6: configuration #1 chosen from 1 choice
input: HID 04d9:1203 as /devices/pci0000:00/0000:00:1d.0/usb2/2-1/2-1.6/2-1.6:1.0/input/input7
generic-usb 0003:04D9:1203.0005: input,hidraw0: USB HID v1.11 Keyboard [HID 04d9:1203] on usb-0000:00:1d.0-1.6/input0
input: HID 04d9:1203 as /devices/pci0000:00/0000:00:1d.0/usb2/2-1/2-1.6/2-1.6:1.1/input/input8
generic-usb 0003:04D9:1203.0006: input,hidraw1: USB HID v1.11 Device [HID 04d9:1203] on usb-0000:00:1d.0-1.6/input1
usb 2-1.6: USB disconnect, device number 5
usb 2-1.6: new low speed USB device number 6 using ehci_hcd
usb 2-1.6: New USB device found, idVendor=04d9, idProduct=1203
usb 2-1.6: New USB device strings: Mfr=0, Product=0, SerialNumber=0
usb 2-1.6: configuration #1 chosen from 1 choice
input: HID 04d9:1203 as /devices/pci0000:00/0000:00:1d.0/usb2/2-1/2-1.6/2-1.6:1.0/input/input9
generic-usb 0003:04D9:1203.0007: input,hidraw0: USB HID v1.11 Keyboard [HID 04d9:1203] on usb-0000:00:1d.0-1.6/input0
input: HID 04d9:1203 as /devices/pci0000:00/0000:00:1d.0/usb2/2-1/2-1.6/2-1.6:1.1/input/input10
generic-usb 0003:04D9:1203.0008: input,hidraw1: USB HID v1.11 Device [HID 04d9:1203] on usb-0000:00:1d.0-1.6/input1
usb 2-1.6: USB disconnect, device number 6
usb 2-1.6: new low speed USB device number 7 using ehci_hcd
usb 2-1.6: New USB device found, idVendor=04d9, idProduct=1203
usb 2-1.6: New USB device strings: Mfr=0, Product=0, SerialNumber=0
usb 2-1.6: configuration #1 chosen from 1 choice
input: HID 04d9:1203 as /devices/pci0000:00/0000:00:1d.0/usb2/2-1/2-1.6/2-1.6:1.0/input/input11
generic-usb 0003:04D9:1203.0009: input,hidraw0: USB HID v1.11 Keyboard [HID 04d9:1203] on usb-0000:00:1d.0-1.6/input0
input: HID 04d9:1203 as /devices/pci0000:00/0000:00:1d.0/usb2/2-1/2-1.6/2-1.6:1.1/input/input12
generic-usb 0003:04D9:1203.000A: input,hidraw1: USB HID v1.11 Device [HID 04d9:1203] on usb-0000:00:1d.0-1.6/input1
usb 2-1.6: USB disconnect, device number 7
usb 2-1.6: new low speed USB device number 8 using ehci_hcd
usb 2-1.6: New USB device found, idVendor=04d9, idProduct=1203
usb 2-1.6: New USB device strings: Mfr=0, Product=0, SerialNumber=0
usb 2-1.6: configuration #1 chosen from 1 choice
input: HID 04d9:1203 as /devices/pci0000:00/0000:00:1d.0/usb2/2-1/2-1.6/2-1.6:1.0/input/input13
generic-usb 0003:04D9:1203.000B: input,hidraw0: USB HID v1.11 Keyboard [HID 04d9:1203] on usb-0000:00:1d.0-1.6/input0
input: HID 04d9:1203 as /devices/pci0000:00/0000:00:1d.0/usb2/2-1/2-1.6/2-1.6:1.1/input/input14
generic-usb 0003:04D9:1203.000C: input,hidraw1: USB HID v1.11 Device [HID 04d9:1203] on usb-0000:00:1d.0-1.6/input1
usb 2-1.6: USB disconnect, device number 8
usb 2-1.6: new low speed USB device number 9 using ehci_hcd
usb 2-1.6: New USB device found, idVendor=04d9, idProduct=1203
usb 2-1.6: New USB device strings: Mfr=0, Product=0, SerialNumber=0
usb 2-1.6: configuration #1 chosen from 1 choice
input: HID 04d9:1203 as /devices/pci0000:00/0000:00:1d.0/usb2/2-1/2-1.6/2-1.6:1.0/input/input15
generic-usb 0003:04D9:1203.000D: input,hidraw0: USB HID v1.11 Keyboard [HID 04d9:1203] on usb-0000:00:1d.0-1.6/input0
input: HID 04d9:1203 as /devices/pci0000:00/0000:00:1d.0/usb2/2-1/2-1.6/2-1.6:1.1/input/input16
generic-usb 0003:04D9:1203.000E: input,hidraw1: USB HID v1.11 Device [HID 04d9:1203] on usb-0000:00:1d.0-1.6/input1
postgres[12355]: segfault at 0 ip (null) sp 00007fff4aca3fb8 error 14 in postgres[400000+599000]
postgres[12470]: segfault at 0 ip (null) sp 00007fff4aca3d28 error 14 in postgres[400000+599000]
postgres[12612]: segfault at 0 ip (null) sp 00007fff4aca3d78 error 14 in postgres[400000+599000]
postgres[12858]: segfault at 0 ip (null) sp 00007fff4aca3db8 error 14 in postgres[400000+599000]
postgres[16376]: segfault at 7fff4aca6000 ip 00000031ac288bfb sp 00007fff4aca3e38 error 4 in libc-2.12.so[31ac200000+189000]
postgres[16467]: segfault at 7fff4aca6000 ip 00000031ac288bfb sp 00007fff4aca3e38 error 4 in libc-2.12.so[31ac200000+189000]
postgres[16555]: segfault at 7fff4aca6000 ip 00000031ac288bfb sp 00007fff4aca3e38 error 4 in libc-2.12.so[31ac200000+189000]
postgres[16627]: segfault at 7fff4aca6000 ip 00000031ac288bfb sp 00007fff4aca3e38 error 4 in libc-2.12.so[31ac200000+189000]
postgres[16700]: segfault at 7fff4aca6000 ip 00000031ac288bfb sp 00007fff4aca3e38 error 4 in libc-2.12.so[31ac200000+189000]
postgres[16772]: segfault at 7fff4aca6000 ip 00000031ac288bfb sp 00007fff4aca3e38 error 4 in libc-2.12.so[31ac200000+189000]
postgres[17022]: segfault at 7fff4aca6000 ip 00000031ac288bfb sp 00007fff4aca3e38 error 4 in libc-2.12.so[31ac200000+189000]
postgres[22548]: segfault at 18 ip 0000000000768186 sp 00007fff17048768 error 4 in postgres[400000+577000]
postgres[9945]: segfault at 18 ip 0000000000768186 sp 00007fff384b2168 error 4 in postgres[400000+577000]
postgres[32077] general protection ip:7fc6c5bb59a4 sp:7fff4aca3f70 error:0 in template_fdw.so[7fc6c5bb4000+2000]
postgres[32176] general protection ip:7fc6c5bb59a1 sp:7fff4aca3f70 error:0 in template_fdw.so[7fc6c5bb4000+2000]
postgres[807] general protection ip:7fc6c5bb59c4 sp:7fff4aca3f70 error:0 in template_fdw.so[7fc6c5bb4000+3000]
postgres[945] general protection ip:7fc6c5bb59c1 sp:7fff4aca3f70 error:0 in template_fdw.so[7fc6c5bb4000+3000]
postgres[1059] general protection ip:7fc6c5bb59c1 sp:7fff4aca3f70 error:0 in template_fdw.so[7fc6c5bb4000+3000]
postgres[1186] general protection ip:7fc6c5bb59cf sp:7fff4aca3f70 error:0 in template_fdw.so[7fc6c5bb4000+3000]
postgres[1297] general protection ip:7fc6c5bb59c1 sp:7fff4aca3f70 error:0 in template_fdw.so[7fc6c5bb4000+3000]
postgres[1402] general protection ip:7fc6c5bb59c5 sp:7fff4aca3f70 error:0 in template_fdw.so[7fc6c5bb4000+3000]
postgres[1510] general protection ip:7fc6c5bb59f9 sp:7fff4aca3f70 error:0 in template_fdw.so[7fc6c5bb4000+3000]
postgres[1609] general protection ip:7fc6c5bb59fe sp:7fff4aca3f70 error:0 in template_fdw.so[7fc6c5bb4000+3000]
postgres[4211]: segfault at 8 ip 00007fc6c5bb5860 sp 00007fff4aca4270 error 4 in template_fdw.so[7fc6c5bb4000+3000]
postgres[4316]: segfault at 8 ip 00007fc6c5bb5860 sp 00007fff4aca4270 error 4 in template_fdw.so[7fc6c5bb4000+3000]
usb 2-1.6: USB disconnect, device number 9
postgres[15652]: segfault at 0 ip 000000000057b0fb sp 00007fff2958e560 error 6 in postgres[400000+4f3000]
CE: hpet increasing min_delta_ns to 40226 nsec
write[2558]: segfault at 0 ip 00000031ac237142 sp 00007fffcb0c8110 error 4 in libc-2.12.so[31ac200000+189000]
write[2562]: segfault at 0 ip 00000031ac237142 sp 00007fffcba80780 error 4 in libc-2.12.so[31ac200000+189000]
postgres[11213]: segfault at 4008 ip 0000000000718c30 sp 00007ffff1cb2098 error 4 in postgres[400000+4f4000]
postgres[11258]: segfault at 4eb ip 0000000000718c30 sp 00007fff85e00a48 error 4 in postgres[400000+4f4000]
postgres[11928]: segfault at 4008 ip 0000000000718c30 sp 00007fff1b1356c8 error 4 in postgres[400000+4f4000]
postgres[12554]: segfault at 4008 ip 0000000000718c30 sp 00007fffbd1f4cb8 error 4 in postgres[400000+4f4000]
postgres[13260]: segfault at 4008 ip 0000000000718c30 sp 00007fffeb6ee388 error 4 in postgres[400000+4f4000]
postgres[13894]: segfault at 4008 ip 0000000000718c30 sp 00007fffb2349e28 error 4 in postgres[400000+4f4000]
postgres[13967]: segfault at 4eb ip 0000000000718c30 sp 00007fff85e00a58 error 4 in postgres[400000+4f4000]
postgres[13979]: segfault at 4eb ip 0000000000718c30 sp 00007fff85e00a58 error 4 in postgres[400000+4f4000]
postgres[14631]: segfault at 0 ip 0000000000718c30 sp 00007ffff4262388 error 4 in postgres[400000+4f4000]
postgres[19101]: segfault at c ip 00007f8ac8cc4d5b sp 00007fff85de3480 error 4 in pgstattuple.so[7f8ac8cc3000+5000]
postgres[19133]: segfault at c ip 00007f8ac8cc4d5b sp 00007fff85de3480 error 4 in pgstattuple.so[7f8ac8cc3000+5000]
monetdb_fdw.so[29434]: segfault at 1 ip 0000000000000001 sp 00007fffdfc1b448 error 14 in monetdb_fdw.so[7fe0338b2000+1000]
postgres[30630]: segfault at 0 ip 00000031ac331aff sp 00007fffcd619d68 error 4 in libc-2.12.so[31ac200000+189000]
postgres[30876]: segfault at 0 ip 00000031ac331aff sp 00007fffcd619d68 error 4 in libc-2.12.so[31ac200000+189000]
postgres[31504]: segfault at 0 ip 00000031ac331aff sp 00007fffcd619d68 error 4 in libc-2.12.so[31ac200000+189000]
postgres[31775]: segfault at 0 ip 00000031ac331aff sp 00007fffcd619d68 error 4 in libc-2.12.so[31ac200000+189000]
postgres[31851]: segfault at 0 ip 00000031ac331aff sp 00007fffcd619d68 error 4 in libc-2.12.so[31ac200000+189000]
postgres[31925]: segfault at 0 ip 00000031ac331aff sp 00007fffcd619d68 error 4 in libc-2.12.so[31ac200000+189000]
postgres[32014]: segfault at 0 ip 00000031ac331aff sp 00007fffcd619d68 error 4 in libc-2.12.so[31ac200000+189000]
postgres[619]: segfault at 0 ip 00000031ac331aff sp 00007fffcd619d68 error 4 in libc-2.12.so[31ac200000+189000]
postgres[1809]: segfault at 0 ip 00000031ac331aff sp 00007fffcd619d28 error 4 in libc-2.12.so[31ac200000+189000]
postgres[1917]: segfault at 0 ip 00000031ac331aff sp 00007fffcd619d28 error 4 in libc-2.12.so[31ac200000+189000]
postgres[2449] general protection ip:31ac237142 sp:7fffcd619bd0 error:0 in libc-2.12.so[31ac200000+189000]
postgres[3687] general protection ip:31ac247389 sp:7fffcd619290 error:0 in libc-2.12.so[31ac200000+189000]
postgres[6699]: segfault at 0 ip 0000000000756fba sp 00007fffcd619d50 error 4 in postgres[400000+580000]
postgres[7005]: segfault at 0 ip 00000031ac331aff sp 00007fffcd6198e8 error 4 in libc-2.12.so[31ac200000+189000]
postgres[7093]: segfault at 0 ip 00000031ac331aff sp 00007fffcd6198e8 error 4 in libc-2.12.so[31ac200000+189000]
postgres[7204]: segfault at 0 ip 00000031ac331aff sp 00007fffcd6198e8 error 4 in libc-2.12.so[31ac200000+189000]
postgres[7288]: segfault at 0 ip 00000031ac331aff sp 00007fffcd6198e8 error 4 in libc-2.12.so[31ac200000+189000]
postgres[7375]: segfault at 0 ip 00000031ac331aff sp 00007fffcd6198e8 error 4 in libc-2.12.so[31ac200000+189000]
pgcap uses obsolete (PF_INET,SOCK_PACKET)
device lo entered promiscuous mode
device lo left promiscuous mode
device lo entered promiscuous mode
device lo left promiscuous mode
device lo entered promiscuous mode
device lo left promiscuous mode
device lo entered promiscuous mode
device lo left promiscuous mode
device lo entered promiscuous mode
device lo left promiscuous mode
device lo entered promiscuous mode
device lo left promiscuous mode
device lo entered promiscuous mode
device lo left promiscuous mode
device lo entered promiscuous mode
device lo left promiscuous mode
device lo entered promiscuous mode
device lo left promiscuous mode
device lo entered promiscuous mode
device lo left promiscuous mode
device lo entered promiscuous mode
device lo left promiscuous mode
device lo entered promiscuous mode
device lo left promiscuous mode
device lo entered promiscuous mode
device lo left promiscuous mode
device lo entered promiscuous mode
device lo left promiscuous mode
device lo entered promiscuous mode
device lo left promiscuous mode
device lo entered promiscuous mode
device lo left promiscuous mode
device lo entered promiscuous mode
device lo left promiscuous mode
device lo entered promiscuous mode
device lo left promiscuous mode
device lo entered promiscuous mode
device lo left promiscuous mode
device lo entered promiscuous mode
device lo left promiscuous mode
device lo entered promiscuous mode
device lo left promiscuous mode
device lo entered promiscuous mode
device lo left promiscuous mode
device lo entered promiscuous mode
device lo left promiscuous mode
device lo entered promiscuous mode
device lo left promiscuous mode
device lo entered promiscuous mode
device lo left promiscuous mode
device lo entered promiscuous mode
device lo left promiscuous mode
device lo entered promiscuous mode
device lo left promiscuous mode
device lo entered promiscuous mode
device lo left promiscuous mode
device lo entered promiscuous mode
device lo left promiscuous mode
device lo entered promiscuous mode
device lo left promiscuous mode
device lo entered promiscuous mode
device lo left promiscuous mode
device lo entered promiscuous mode
device lo left promiscuous mode
device lo entered promiscuous mode
device lo left promiscuous mode
device lo entered promiscuous mode
device lo left promiscuous mode
device lo entered promiscuous mode
device lo left promiscuous mode
device lo entered promiscuous mode
device lo left promiscuous mode
device lo entered promiscuous mode
device lo left promiscuous mode
device lo entered promiscuous mode
device lo left promiscuous mode
device lo entered promiscuous mode
device lo left promiscuous mode
device lo entered promiscuous mode
device lo left promiscuous mode
device lo entered promiscuous mode
device lo left promiscuous mode
device lo entered promiscuous mode
device lo left promiscuous mode
device lo entered promiscuous mode
device lo left promiscuous mode
device lo entered promiscuous mode
device lo left promiscuous mode
device lo entered promiscuous mode
device lo left promiscuous mode
device lo entered promiscuous mode
device lo left promiscuous mode
device lo entered promiscuous mode
device lo left promiscuous mode
device lo entered promiscuous mode
device lo left promiscuous mode
device lo entered promiscuous mode
device lo left promiscuous mode
device lo entered promiscuous mode
device lo left promiscuous mode
device lo entered promiscuous mode
device lo left promiscuous mode
device lo entered promiscuous mode
device lo left promiscuous mode
device lo entered promiscuous mode
device lo left promiscuous mode
device lo entered promiscuous mode
device lo left promiscuous mode
device lo entered promiscuous mode
device lo left promiscuous mode
device lo entered promiscuous mode
device lo left promiscuous mode
device lo entered promiscuous mode
device lo left promiscuous mode
device lo entered promiscuous mode
device lo left promiscuous mode
device lo entered promiscuous mode
device lo left promiscuous mode
device lo entered promiscuous mode
device lo left promiscuous mode
device lo entered promiscuous mode
device lo left promiscuous mode
device lo entered promiscuous mode
device lo left promiscuous mode
device lo entered promiscuous mode
device lo left promiscuous mode
device eth0 entered promiscuous mode
device eth0 left promiscuous mode
device eth0 entered promiscuous mode
device eth0 left promiscuous mode
device eth0 entered promiscuous mode
device eth0 left promiscuous mode
device lo entered promiscuous mode
device lo left promiscuous mode
device lo entered promiscuous mode
device lo left promiscuous mode
device lo entered promiscuous mode
device lo left promiscuous mode
device lo entered promiscuous mode
device lo left promiscuous mode
device lo entered promiscuous mode
device lo left promiscuous mode
device lo entered promiscuous mode
device lo left promiscuous mode
device eth0 entered promiscuous mode
device eth0 left promiscuous mode
device eth0 entered promiscuous mode
device eth0 left promiscuous mode
device eth0 entered promiscuous mode
device eth0 left promiscuous mode
device eth0 entered promiscuous mode
device eth0 left promiscuous mode
device eth0 entered promiscuous mode
device eth0 left promiscuous mode
device eth0 entered promiscuous mode
device eth0 left promiscuous mode
device eth0 entered promiscuous mode
device eth0 left promiscuous mode
device eth0 entered promiscuous mode
device eth0 left promiscuous mode
device eth0 entered promiscuous mode
device eth0 left promiscuous mode
device eth0 entered promiscuous mode
device eth0 left promiscuous mode
device eth0 entered promiscuous mode
device eth0 left promiscuous mode
device eth0 entered promiscuous mode
device eth0 left promiscuous mode
device eth0 entered promiscuous mode
device eth0 left promiscuous mode
device eth0 entered promiscuous mode
device eth0 left promiscuous mode
device eth0 entered promiscuous mode
device eth0 left promiscuous mode
device eth0 entered promiscuous mode
device eth0 left promiscuous mode
device eth0 entered promiscuous mode
device eth0 left promiscuous mode
device eth0 entered promiscuous mode
device eth0 left promiscuous mode
device eth0 entered promiscuous mode
device eth0 left promiscuous mode
device eth0 entered promiscuous mode
device eth0 left promiscuous mode
device eth0 entered promiscuous mode
device eth0 left promiscuous mode
device eth0 entered promiscuous mode
device eth0 left promiscuous mode
device eth0 entered promiscuous mode
device eth0 left promiscuous mode
device eth0 entered promiscuous mode
device eth0 left promiscuous mode
device eth0 entered promiscuous mode
device eth0 left promiscuous mode
device eth0 entered promiscuous mode
device eth0 left promiscuous mode
device eth0 entered promiscuous mode
device eth0 left promiscuous mode
device eth0 entered promiscuous mode
device eth0 left promiscuous mode
device eth0 entered promiscuous mode
device eth0 left promiscuous mode
device eth0 entered promiscuous mode
device eth0 left promiscuous mode
device eth0 entered promiscuous mode
device eth0 left promiscuous mode
device eth0 entered promiscuous mode
pgcap[12490]: segfault at 7f49270effb9 ip 0000000000400f00 sp 00007fffea815bd0 error 4 in pgcap[400000+2000]
device eth0 left promiscuous mode
device eth0 entered promiscuous mode
pgcap[13090]: segfault at 7f85806c9989 ip 0000000000400f00 sp 00007fff0d4f3b60 error 4 in pgcap[400000+2000]
device eth0 left promiscuous mode
device eth0 entered promiscuous mode
device eth0 left promiscuous mode
device lo entered promiscuous mode
device lo left promiscuous mode
device lo entered promiscuous mode
device lo left promiscuous mode
device lo entered promiscuous mode
device lo left promiscuous mode
device lo entered promiscuous mode
device lo left promiscuous mode
device lo entered promiscuous mode
statdump[27081]: segfault at 40 ip 00007f1a13bc0e09 sp 00007fff1e7db220 error 4 in libgdbm.so.2.0.0[7f1a13bbd000+6000]
statdump[27105]: segfault at 40 ip 00007f761cea2e09 sp 00007fff7a667c80 error 4 in libgdbm.so.2.0.0[7f761ce9f000+6000]
postgres[8305]: segfault at 0 ip 000000000063b592 sp 00007fff78ce8640 error 4 in postgres[400000+589000]
postgres[10037]: segfault at 0 ip 000000000063b592 sp 00007fffb5511a90 error 4 in postgres[400000+589000]
device lo left promiscuous mode
postgres[20888]: segfault at 49 ip 0000000000768374 sp 00007fff14522110 error 4 in postgres[400000+589000]
postgres[20910]: segfault at 49 ip 0000000000768374 sp 00007fff14522110 error 4 in postgres[400000+589000]
postgres[22452]: segfault at 49 ip 0000000000768374 sp 00007ffff3382fd0 error 4 in postgres[400000+589000]
postgres[24317]: segfault at 49 ip 0000000000768354 sp 00007fff221bbfd0 error 4 in postgres[400000+589000]
postgres[25231]: segfault at 49 ip 0000000000768354 sp 00007fff916e5950 error 4 in postgres[400000+589000]
postgres[26182]: segfault at 49 ip 0000000000768294 sp 00007fff560a7750 error 4 in postgres[400000+589000]
postgres[27157]: segfault at 49 ip 0000000000768224 sp 00007fff33896d10 error 4 in postgres[400000+589000]
postgres[28086]: segfault at 49 ip 0000000000768224 sp 00007fff3136dad0 error 4 in postgres[400000+589000]
postgres[13040]: segfault at 8 ip 00007fa5f8f37c44 sp 00007fff17ca9480 error 4 in libgdbm.so.2.0.0[7fa5f8f35000+6000]
postgres[13973]: segfault at 8 ip 00007f2b971c1c44 sp 00007fff9af0b200 error 4 in libgdbm.so.2.0.0[7f2b971bf000+6000]
postgres[25242]: segfault at 8 ip 00007fbce58f1c44 sp 00007fff6cdaf680 error 4 in libgdbm.so.2.0.0[7fbce58ef000+6000]
postgres[25492]: segfault at 8 ip 00007fbce58f1c44 sp 00007fff6cdafb60 error 4 in libgdbm.so.2.0.0[7fbce58ef000+6000]
postgres[26652]: segfault at 8 ip 00007ffe0bc22c44 sp 00007ffffcfdcd40 error 4 in libgdbm.so.2.0.0[7ffe0bc20000+6000]
postgres[27228]: segfault at 8 ip 00007f7ba9682c44 sp 00007fffcdb10b40 error 4 in libgdbm.so.2.0.0[7f7ba9680000+6000]
postgres[30543]: segfault at 0 ip 000000000063b4c8 sp 00007fff3d28cd00 error 4 in postgres[400000+589000]
postgres[29100]: segfault at 30 ip 00007f7f58972961 sp 00007fffa1ce8e70 error 4 in libgdbm.so.2.0.0[7f7f5896e000+6000]
postgres[30122]: segfault at 30 ip 00007ff04b901961 sp 00007fff08f45310 error 4 in libgdbm.so.2.0.0[7ff04b8fd000+6000]
postgres[31097]: segfault at 30 ip 00007fcba2ee5961 sp 00007fff39afb380 error 4 in libgdbm.so.2.0.0[7fcba2ee1000+6000]
postgres[32044]: segfault at 30 ip 00007f9c2fd8e961 sp 00007fff59756700 error 4 in libgdbm.so.2.0.0[7f9c2fd8a000+6000]
postgres[605]: segfault at 30 ip 00007f620c9d0961 sp 00007fff63481d10 error 4 in libgdbm.so.2.0.0[7f620c9cc000+6000]
postgres[1613]: segfault at 30 ip 00007f53fb7fb961 sp 00007fffea960b60 error 4 in libgdbm.so.2.0.0[7f53fb7f7000+6000]
postgres[3845]: segfault at 8 ip 00007fb2a86f2c44 sp 00007fffbe63b5e0 error 4 in libgdbm.so.2.0.0[7fb2a86f0000+6000]
postgres[4813]: segfault at 8 ip 00007f0a858bcc44 sp 00007fffeb408aa0 error 4 in libgdbm.so.2.0.0[7f0a858ba000+6000]
postgres[5787]: segfault at 8 ip 00007f0d0b006c44 sp 00007fffbb6a20e0 error 4 in libgdbm.so.2.0.0[7f0d0b004000+6000]
postgres[31332]: segfault at 48 ip 0000000000768574 sp 00007fff5787b820 error 4 in postgres[400000+589000]
postgres[32252]: segfault at 48 ip 0000000000768574 sp 00007fff2d9b3970 error 4 in postgres[400000+589000]
postgres[717]: segfault at 48 ip 0000000000768574 sp 00007fffc89640d0 error 4 in postgres[400000+589000]
postgres[2323]: segfault at 42 ip 0000000000767c33 sp 00007fff48149890 error 4 in postgres[400000+589000]
postgres[3943]: segfault at 42 ip 0000000000767cd3 sp 00007fff8078d420 error 4 in postgres[400000+58a000]
pg_statdump[5054]: segfault at 0 ip 0000000000400aa2 sp 00007fffb71c3a70 error 4 in pg_statdump[400000+2000]
pg_statdump[5059]: segfault at 0 ip 0000000000400aa2 sp 00007fffdf12dc90 error 4 in pg_statdump[400000+2000]
pg_statdump[5086]: segfault at 0 ip 0000000000400aa2 sp 00007fff3db1fac0 error 4 in pg_statdump[400000+2000]
pg_statdump[5404]: segfault at 0 ip 0000000000400aad sp 00007fffac97d2b0 error 4 in pg_statdump[400000+2000]
postgres[3941]: segfault at 8 ip 00007fc87b60cc44 sp 00007fff5e19d850 error 4 in libgdbm.so.2.0.0[7fc87b60a000+6000]
postgres[22828]: segfault at 30 ip 00007fa8105fb961 sp 00007fff0dfefc90 error 4 in libgdbm.so.2.0.0[7fa8105f7000+6000]
postgres[22847]: segfault at 30 ip 00007fa8105fb961 sp 00007fff0dff06b0 error 4 in libgdbm.so.2.0.0[7fa8105f7000+6000]
postgres[22946]: segfault at 30 ip 00007fa8105fb961 sp 00007fff0dff06b0 error 4 in libgdbm.so.2.0.0[7fa8105f7000+6000]
postgres[22962]: segfault at 30 ip 00007fa8105fb961 sp 00007fff0dff06b0 error 4 in libgdbm.so.2.0.0[7fa8105f7000+6000]
postgres[23087]: segfault at 30 ip 00007fa8105fb961 sp 00007fff0dff06b0 error 4 in libgdbm.so.2.0.0[7fa8105f7000+6000]
postgres[23116]: segfault at 30 ip 00007fa8105fb961 sp 00007fff0dff06b0 error 4 in libgdbm.so.2.0.0[7fa8105f7000+6000]
CE: hpet increasing min_delta_ns to 60338 nsec
postgres[11115]: segfault at e ip 00000031ac247389 sp 00007ffffdcbb8a0 error 4 in libc-2.12.so[31ac200000+189000]
postgres[11225]: segfault at e ip 00000031ac247389 sp 00007ffffdcbb8a0 error 4 in libc-2.12.so[31ac200000+189000]
postgres[11309]: segfault at e ip 00000031ac247389 sp 00007ffffdcbb8a0 error 4 in libc-2.12.so[31ac200000+189000]
postgres[11404]: segfault at e ip 00000031ac247389 sp 00007ffffdcbb8a0 error 4 in libc-2.12.so[31ac200000+189000]
postgres[11532]: segfault at e ip 00000031ac247389 sp 00007ffffdcbb8a0 error 4 in libc-2.12.so[31ac200000+189000]
postgres[11652]: segfault at e ip 00000031ac247389 sp 00007ffffdcbb8a0 error 4 in libc-2.12.so[31ac200000+189000]
postgres[11740]: segfault at e ip 00000031ac247389 sp 00007ffffdcbb8a0 error 4 in libc-2.12.so[31ac200000+189000]
postgres[13702]: segfault at e ip 00000031ac247389 sp 00007fffd8d59f80 error 4 in libc-2.12.so[31ac200000+189000]
postgres[13805]: segfault at e ip 00000031ac247389 sp 00007fffd8d59f80 error 4 in libc-2.12.so[31ac200000+189000]
usb 2-1.6: new high speed USB device number 10 using ehci_hcd
usb 2-1.6: New USB device found, idVendor=152d, idProduct=2338
usb 2-1.6: New USB device strings: Mfr=1, Product=2, SerialNumber=5
usb 2-1.6: Product: USB to ATA/ATAPI Bridge
usb 2-1.6: Manufacturer: JMicron
usb 2-1.6: SerialNumber: 152D203380B6
usb 2-1.6: configuration #1 chosen from 1 choice
Initializing USB Mass Storage driver...
scsi4 : SCSI emulation for USB Mass Storage devices
usb-storage: device found at 10
usb-storage: waiting for device to settle before scanning
usbcore: registered new interface driver usb-storage
USB Mass Storage support registered.
usb-storage: device scan complete
scsi 4:0:0:0: Direct-Access                                    PQ: 0 ANSI: 2 CCS
sd 4:0:0:0: Attached scsi generic sg3 type 0
sd 4:0:0:0: [sdc] Attached SCSI disk
usb 2-1.6: USB disconnect, device number 10
usb 2-1.6: new high speed USB device number 11 using ehci_hcd
usb 2-1.6: New USB device found, idVendor=152d, idProduct=2338
usb 2-1.6: New USB device strings: Mfr=1, Product=2, SerialNumber=5
usb 2-1.6: Product: USB to ATA/ATAPI Bridge
usb 2-1.6: Manufacturer: JMicron
usb 2-1.6: SerialNumber: 222271D01874
usb 2-1.6: configuration #1 chosen from 1 choice
scsi5 : SCSI emulation for USB Mass Storage devices
usb-storage: device found at 11
usb-storage: waiting for device to settle before scanning
usb-storage: device scan complete
scsi 5:0:0:0: Direct-Access     ST1000DM 003-9YN162            PQ: 0 ANSI: 2 CCS
sd 5:0:0:0: Attached scsi generic sg3 type 0
sd 5:0:0:0: [sdc] 1953525168 512-byte logical blocks: (1.00 TB/931 GiB)
sd 5:0:0:0: [sdc] Write Protect is off
sd 5:0:0:0: [sdc] Mode Sense: 00 38 00 00
sd 5:0:0:0: [sdc] Assuming drive cache: write through
sd 5:0:0:0: [sdc] Assuming drive cache: write through
 sdc: sdc1
sd 5:0:0:0: [sdc] Assuming drive cache: write through
sd 5:0:0:0: [sdc] Attached SCSI disk
kjournald starting.  Commit interval 5 seconds
EXT3-fs (sdc1): warning: checktime reached, running e2fsck is recommended
EXT3-fs (sdc1): using internal journal
EXT3-fs (sdc1): mounted filesystem with ordered data mode
SELinux: initialized (dev sdc1, type ext3), uses xattr
usb 2-1.6: USB disconnect, device number 11
usb 2-1.6: new high speed USB device number 12 using ehci_hcd
usb 2-1.6: New USB device found, idVendor=152d, idProduct=2338
usb 2-1.6: New USB device strings: Mfr=1, Product=2, SerialNumber=5
usb 2-1.6: Product: USB to ATA/ATAPI Bridge
usb 2-1.6: Manufacturer: JMicron
usb 2-1.6: SerialNumber: 152D203380B6
usb 2-1.6: configuration #1 chosen from 1 choice
scsi6 : SCSI emulation for USB Mass Storage devices
usb-storage: device found at 12
usb-storage: waiting for device to settle before scanning
usb-storage: device scan complete
scsi 6:0:0:0: Direct-Access                                    PQ: 0 ANSI: 2 CCS
sd 6:0:0:0: Attached scsi generic sg3 type 0
sd 6:0:0:0: [sdc] Attached SCSI disk
usb 2-1.6: USB disconnect, device number 12
